------------------------------------------------------------
TimeQuest Timing Analyzer Summary
------------------------------------------------------------

Type  : Slow 1100mV 85C Model Setup 'CLOCK_50'
Slack : -12.490
TNS   : -6897.635

Type  : Slow 1100mV 85C Model Hold 'CLOCK_50'
Slack : 0.425
TNS   : 0.000

Type  : Slow 1100mV 85C Model Minimum Pulse Width 'CLOCK_50'
Slack : -2.174
TNS   : -1173.178

Type  : Slow 1100mV 0C Model Setup 'CLOCK_50'
Slack : -12.479
TNS   : -6895.881

Type  : Slow 1100mV 0C Model Hold 'CLOCK_50'
Slack : 0.424
TNS   : 0.000

Type  : Slow 1100mV 0C Model Minimum Pulse Width 'CLOCK_50'
Slack : -2.174
TNS   : -1245.141

Type  : Fast 1100mV 85C Model Setup 'CLOCK_50'
Slack : -7.563
TNS   : -3707.620

Type  : Fast 1100mV 85C Model Hold 'CLOCK_50'
Slack : 0.240
TNS   : 0.000

Type  : Fast 1100mV 85C Model Minimum Pulse Width 'CLOCK_50'
Slack : -2.174
TNS   : -361.905

Type  : Fast 1100mV 0C Model Setup 'CLOCK_50'
Slack : -7.010
TNS   : -3350.012

Type  : Fast 1100mV 0C Model Hold 'CLOCK_50'
Slack : 0.224
TNS   : 0.000

Type  : Fast 1100mV 0C Model Minimum Pulse Width 'CLOCK_50'
Slack : -2.174
TNS   : -384.838

------------------------------------------------------------
